// Jest Snapshot v1, https://goo.gl/fbAQLP

exports[`renders correctly 1`] = `
<div
  className="App-root-1"
>
  <header
    className="MuiPaper-root-10 MuiPaper-elevation4-16 MuiAppBar-root-2 MuiAppBar-positionStatic-6 MuiAppBar-colorPrimary-8"
  >
    <div
      className="MuiToolbar-root-37 MuiToolbar-gutters-38"
    >
      <h2
        className="MuiTypography-root-39 MuiTypography-title-45 MuiTypography-colorInherit-58"
      >
        Kiwi T9
      </h2>
    </div>
  </header>
  <div
    className="MuiPaper-root-10 MuiPaper-elevation4-16 MuiPaper-rounded-11 Display-paper-63"
  >
    
  </div>
  <div
    className="MuiPaper-root-10 MuiPaper-elevation4-16 MuiPaper-rounded-11 Keypad-paper-64"
  >
    <div>
      <div
        className={undefined}
      >
        <button
          className="MuiButtonBase-root-84 MuiButton-root-68 MuiButton-raised-74 Keypad-button-65"
          disabled={false}
          onBlur={[Function]}
          onClick={[Function]}
          onFocus={[Function]}
          onKeyDown={[Function]}
          onKeyUp={[Function]}
          onMouseDown={[Function]}
          onMouseLeave={[Function]}
          onMouseUp={[Function]}
          onTouchEnd={[Function]}
          onTouchMove={[Function]}
          onTouchStart={[Function]}
          tabIndex="0"
          type="button"
        >
          <span
            className="MuiButton-label-69"
          >
            <div
              className="Keypad-buttonNumber-66"
            >
              1
            </div>
            <div
              className="Keypad-buttonText-67"
            />
          </span>
          <span
            className="MuiTouchRipple-root-87"
          />
        </button>
        <button
          className="MuiButtonBase-root-84 MuiButton-root-68 MuiButton-raised-74 Keypad-button-65"
          disabled={false}
          onBlur={[Function]}
          onClick={[Function]}
          onFocus={[Function]}
          onKeyDown={[Function]}
          onKeyUp={[Function]}
          onMouseDown={[Function]}
          onMouseLeave={[Function]}
          onMouseUp={[Function]}
          onTouchEnd={[Function]}
          onTouchMove={[Function]}
          onTouchStart={[Function]}
          tabIndex="0"
          type="button"
        >
          <span
            className="MuiButton-label-69"
          >
            <div
              className="Keypad-buttonNumber-66"
            >
              2
            </div>
            <div
              className="Keypad-buttonText-67"
            >
              abc
            </div>
          </span>
          <span
            className="MuiTouchRipple-root-87"
          />
        </button>
        <button
          className="MuiButtonBase-root-84 MuiButton-root-68 MuiButton-raised-74 Keypad-button-65"
          disabled={false}
          onBlur={[Function]}
          onClick={[Function]}
          onFocus={[Function]}
          onKeyDown={[Function]}
          onKeyUp={[Function]}
          onMouseDown={[Function]}
          onMouseLeave={[Function]}
          onMouseUp={[Function]}
          onTouchEnd={[Function]}
          onTouchMove={[Function]}
          onTouchStart={[Function]}
          tabIndex="0"
          type="button"
        >
          <span
            className="MuiButton-label-69"
          >
            <div
              className="Keypad-buttonNumber-66"
            >
              3
            </div>
            <div
              className="Keypad-buttonText-67"
            >
              def
            </div>
          </span>
          <span
            className="MuiTouchRipple-root-87"
          />
        </button>
      </div>
      <div
        className={undefined}
      >
        <button
          className="MuiButtonBase-root-84 MuiButton-root-68 MuiButton-raised-74 Keypad-button-65"
          disabled={false}
          onBlur={[Function]}
          onClick={[Function]}
          onFocus={[Function]}
          onKeyDown={[Function]}
          onKeyUp={[Function]}
          onMouseDown={[Function]}
          onMouseLeave={[Function]}
          onMouseUp={[Function]}
          onTouchEnd={[Function]}
          onTouchMove={[Function]}
          onTouchStart={[Function]}
          tabIndex="0"
          type="button"
        >
          <span
            className="MuiButton-label-69"
          >
            <div
              className="Keypad-buttonNumber-66"
            >
              4
            </div>
            <div
              className="Keypad-buttonText-67"
            >
              ghi
            </div>
          </span>
          <span
            className="MuiTouchRipple-root-87"
          />
        </button>
        <button
          className="MuiButtonBase-root-84 MuiButton-root-68 MuiButton-raised-74 Keypad-button-65"
          disabled={false}
          onBlur={[Function]}
          onClick={[Function]}
          onFocus={[Function]}
          onKeyDown={[Function]}
          onKeyUp={[Function]}
          onMouseDown={[Function]}
          onMouseLeave={[Function]}
          onMouseUp={[Function]}
          onTouchEnd={[Function]}
          onTouchMove={[Function]}
          onTouchStart={[Function]}
          tabIndex="0"
          type="button"
        >
          <span
            className="MuiButton-label-69"
          >
            <div
              className="Keypad-buttonNumber-66"
            >
              5
            </div>
            <div
              className="Keypad-buttonText-67"
            >
              jkl
            </div>
          </span>
          <span
            className="MuiTouchRipple-root-87"
          />
        </button>
        <button
          className="MuiButtonBase-root-84 MuiButton-root-68 MuiButton-raised-74 Keypad-button-65"
          disabled={false}
          onBlur={[Function]}
          onClick={[Function]}
          onFocus={[Function]}
          onKeyDown={[Function]}
          onKeyUp={[Function]}
          onMouseDown={[Function]}
          onMouseLeave={[Function]}
          onMouseUp={[Function]}
          onTouchEnd={[Function]}
          onTouchMove={[Function]}
          onTouchStart={[Function]}
          tabIndex="0"
          type="button"
        >
          <span
            className="MuiButton-label-69"
          >
            <div
              className="Keypad-buttonNumber-66"
            >
              6
            </div>
            <div
              className="Keypad-buttonText-67"
            >
              mno
            </div>
          </span>
          <span
            className="MuiTouchRipple-root-87"
          />
        </button>
      </div>
      <div
        className={undefined}
      >
        <button
          className="MuiButtonBase-root-84 MuiButton-root-68 MuiButton-raised-74 Keypad-button-65"
          disabled={false}
          onBlur={[Function]}
          onClick={[Function]}
          onFocus={[Function]}
          onKeyDown={[Function]}
          onKeyUp={[Function]}
          onMouseDown={[Function]}
          onMouseLeave={[Function]}
          onMouseUp={[Function]}
          onTouchEnd={[Function]}
          onTouchMove={[Function]}
          onTouchStart={[Function]}
          tabIndex="0"
          type="button"
        >
          <span
            className="MuiButton-label-69"
          >
            <div
              className="Keypad-buttonNumber-66"
            >
              7
            </div>
            <div
              className="Keypad-buttonText-67"
            >
              prqs
            </div>
          </span>
          <span
            className="MuiTouchRipple-root-87"
          />
        </button>
        <button
          className="MuiButtonBase-root-84 MuiButton-root-68 MuiButton-raised-74 Keypad-button-65"
          disabled={false}
          onBlur={[Function]}
          onClick={[Function]}
          onFocus={[Function]}
          onKeyDown={[Function]}
          onKeyUp={[Function]}
          onMouseDown={[Function]}
          onMouseLeave={[Function]}
          onMouseUp={[Function]}
          onTouchEnd={[Function]}
          onTouchMove={[Function]}
          onTouchStart={[Function]}
          tabIndex="0"
          type="button"
        >
          <span
            className="MuiButton-label-69"
          >
            <div
              className="Keypad-buttonNumber-66"
            >
              8
            </div>
            <div
              className="Keypad-buttonText-67"
            >
              tuv
            </div>
          </span>
          <span
            className="MuiTouchRipple-root-87"
          />
        </button>
        <button
          className="MuiButtonBase-root-84 MuiButton-root-68 MuiButton-raised-74 Keypad-button-65"
          disabled={false}
          onBlur={[Function]}
          onClick={[Function]}
          onFocus={[Function]}
          onKeyDown={[Function]}
          onKeyUp={[Function]}
          onMouseDown={[Function]}
          onMouseLeave={[Function]}
          onMouseUp={[Function]}
          onTouchEnd={[Function]}
          onTouchMove={[Function]}
          onTouchStart={[Function]}
          tabIndex="0"
          type="button"
        >
          <span
            className="MuiButton-label-69"
          >
            <div
              className="Keypad-buttonNumber-66"
            >
              9
            </div>
            <div
              className="Keypad-buttonText-67"
            >
              wxyz
            </div>
          </span>
          <span
            className="MuiTouchRipple-root-87"
          />
        </button>
      </div>
      <div
        className={undefined}
      >
        <button
          className="MuiButtonBase-root-84 MuiButton-root-68 MuiButton-raised-74 Keypad-button-65"
          disabled={false}
          onBlur={[Function]}
          onFocus={[Function]}
          onKeyDown={[Function]}
          onKeyUp={[Function]}
          onMouseDown={[Function]}
          onMouseLeave={[Function]}
          onMouseUp={[Function]}
          onTouchEnd={[Function]}
          onTouchMove={[Function]}
          onTouchStart={[Function]}
          tabIndex="0"
          type="button"
        >
          <span
            className="MuiButton-label-69"
          >
            <div
              className="Keypad-buttonNumber-66"
            >
              *
            </div>
            <div
              className="Keypad-buttonText-67"
            />
          </span>
          <span
            className="MuiTouchRipple-root-87"
          />
        </button>
        <button
          className="MuiButtonBase-root-84 MuiButton-root-68 MuiButton-raised-74 Keypad-button-65"
          disabled={false}
          onBlur={[Function]}
          onClick={[Function]}
          onFocus={[Function]}
          onKeyDown={[Function]}
          onKeyUp={[Function]}
          onMouseDown={[Function]}
          onMouseLeave={[Function]}
          onMouseUp={[Function]}
          onTouchEnd={[Function]}
          onTouchMove={[Function]}
          onTouchStart={[Function]}
          tabIndex="0"
          type="button"
        >
          <span
            className="MuiButton-label-69"
          >
            <div
              className="Keypad-buttonNumber-66"
            >
              0
            </div>
            <div
              className="Keypad-buttonText-67"
            >
              del
            </div>
          </span>
          <span
            className="MuiTouchRipple-root-87"
          />
        </button>
        <button
          className="MuiButtonBase-root-84 MuiButton-root-68 MuiButton-raised-74 Keypad-button-65"
          disabled={false}
          onBlur={[Function]}
          onFocus={[Function]}
          onKeyDown={[Function]}
          onKeyUp={[Function]}
          onMouseDown={[Function]}
          onMouseLeave={[Function]}
          onMouseUp={[Function]}
          onTouchEnd={[Function]}
          onTouchMove={[Function]}
          onTouchStart={[Function]}
          tabIndex="0"
          type="button"
        >
          <span
            className="MuiButton-label-69"
          >
            <div
              className="Keypad-buttonNumber-66"
            >
              #
            </div>
            <div
              className="Keypad-buttonText-67"
            />
          </span>
          <span
            className="MuiTouchRipple-root-87"
          />
        </button>
      </div>
      <label
        className="MuiFormControlLabel-root-94"
      >
        <span
          className="MuiButtonBase-root-84 MuiIconButton-root-106 MuiSwitchBase-root-102 MuiCheckbox-root-97 MuiCheckbox-colorSecondary-101 MuiSwitchBase-checked-103 MuiCheckbox-checked-98"
          onBlur={[Function]}
          onFocus={[Function]}
          onKeyDown={[Function]}
          onKeyUp={[Function]}
          onMouseDown={[Function]}
          onMouseLeave={[Function]}
          onMouseUp={[Function]}
          onTouchEnd={[Function]}
          onTouchMove={[Function]}
          onTouchStart={[Function]}
          role={undefined}
          tabIndex={null}
        >
          <span
            className="MuiIconButton-label-111"
          >
            <svg
              aria-hidden="true"
              className="MuiSvgIcon-root-112"
              color={undefined}
              focusable="false"
              viewBox="0 0 24 24"
            >
              <path
                d="M19 3H5c-1.11 0-2 .9-2 2v14c0 1.1.89 2 2 2h14c1.11 0 2-.9 2-2V5c0-1.1-.89-2-2-2zm-9 14l-5-5 1.41-1.41L10 14.17l7.59-7.59L19 8l-9 9z"
              />
            </svg>
            <input
              checked={true}
              className="MuiSwitchBase-input-105"
              disabled={undefined}
              id={undefined}
              name={undefined}
              onChange={[Function]}
              tabIndex={undefined}
              type="checkbox"
              value="onlyRealWords"
            />
          </span>
          <span
            className="MuiTouchRipple-root-87"
          />
        </span>
        <span
          className="MuiTypography-root-39 MuiTypography-body1-48 MuiFormControlLabel-label-96"
        >
          Show only real words
        </span>
      </label>
    </div>
  </div>
  <div
    className="MuiPaper-root-10 MuiPaper-elevation4-16 MuiPaper-rounded-11 Suggestions-paper-118"
  />
</div>
`;
